src/components/Auth/AuthProvider.tsx(251,38): error TS2345: Argument of type '{ apiKey?: string | undefined; baseUrl?: string | undefined; model?: string | undefined; }' is not assignable to parameter of type '{ apiKey: string; baseUrl?: string | undefined; model?: string | undefined; }'.
  Types of property 'apiKey' are incompatible.
    Type 'string | undefined' is not assignable to type 'string'.
      Type 'undefined' is not assignable to type 'string'.
src/components/Layout/MainLayout.tsx(294,23): error TS2322: Type '({ key: string; icon: Element; label: string; onClick?: undefined; type?: undefined; danger?: undefined; } | { key: string; icon: Element; label: string; onClick: () => void; type?: undefined; danger?: undefined; } | { ...; } | { ...; })[]' is not assignable to type 'ItemType[]'.
  Type '{ key: string; icon: Element; label: string; onClick?: undefined; type?: undefined; danger?: undefined; } | { key: string; icon: Element; label: string; onClick: () => void; type?: undefined; danger?: undefined; } | { ...; } | { ...; }' is not assignable to type 'ItemType'.
    Type '{ type: string; key?: undefined; icon?: undefined; label?: undefined; onClick?: undefined; danger?: undefined; }' is not assignable to type 'ItemType'.
      Type '{ type: string; key?: undefined; icon?: undefined; label?: undefined; onClick?: undefined; danger?: undefined; }' is not assignable to type 'MenuItemType | MenuDividerType | SubMenuType<MenuItemType> | MenuItemGroupType<MenuItemType>'.
        Type '{ type: string; key?: undefined; icon?: undefined; label?: undefined; onClick?: undefined; danger?: undefined; }' is not assignable to type 'MenuItemType'.
          Types of property 'type' are incompatible.
            Type 'string' is not assignable to type '"item"'.
src/components/MainApp/EnhancedMainApp.tsx(13,3): error TS6133: 'CompressOutlined' is declared but its value is never read.
src/components/MCP/MCPManager.tsx(111,10): error TS6133: 'connecting' is declared but its value is never read.
src/components/RequestAnalysis/CallStackAnalyzer.tsx(45,48): error TS6133: 'index' is declared but its value is never read.
src/components/RequestAnalysis/EnhancedRequestAnalysisPanel.tsx(53,11): error TS6196: 'CallStackFrame' is declared but never used.
src/components/RequestAnalysis/RequestAnalysisPanel.tsx(25,3): error TS6133: 'FilterOutlined' is declared but its value is never read.
src/components/RequestAnalysis/RequestAnalysisPanel.tsx(27,1): error TS6133: 'CallStackAnalyzer' is declared but its value is never read.
src/components/Settings/GlobalSettings.tsx(19,3): error TS6133: 'Tooltip' is declared but its value is never read.
src/components/Settings/GlobalSettings.tsx(27,3): error TS6133: 'DeleteOutlined' is declared but its value is never read.
src/components/Settings/GlobalSettings.tsx(38,22): error TS6133: 'Paragraph' is declared but its value is never read.
src/components/Settings/GlobalSettings.tsx(39,7): error TS6133: 'TabPane' is declared but its value is never read.
src/components/Settings/GlobalSettings.tsx(40,7): error TS6133: 'TextArea' is declared but its value is never read.
src/hooks/useWebSocket.ts(13,38): error TS2503: Cannot find namespace 'NodeJS'.
src/main.tsx(23,7): error TS2353: Object literal may only specify known properties, and 'cacheTime' does not exist in type 'OmitKeyof<QueryObserverOptions<unknown, Error, unknown, unknown, readonly unknown[], never>, "suspense" | "queryKey", "strictly">'.
src/pages/AI/index.tsx(14,3): error TS6133: 'Switch' is declared but its value is never read.
src/pages/AI/index.tsx(18,3): error TS6133: 'Spin' is declared but its value is never read.
src/pages/AI/index.tsx(39,22): error TS6133: 'Paragraph' is declared but its value is never read.
src/pages/AI/index.tsx(58,10): error TS6133: 'codeAnalysisVisible' is declared but its value is never read.
src/pages/AI/index.tsx(61,9): error TS6133: 'queryClient' is declared but its value is never read.
src/pages/AI/index.tsx(70,9): error TS6133: 'conversations' is declared but its value is never read.
src/pages/AI/index.tsx(72,5): error TS2769: No overload matches this call.
  Overload 1 of 3, '(options: DefinedInitialDataOptions<unknown, Error, unknown, string[]>, queryClient?: QueryClient | undefined): DefinedUseQueryResult<unknown, Error>', gave the following error.
    Type '(limit?: number, offset?: number) => Promise<any[]>' is not assignable to type 'QueryFunction<unknown, string[]>'.
      Types of parameters 'limit' and 'context' are incompatible.
        Type '{ client: QueryClient; queryKey: string[]; signal: AbortSignal; meta: Record<string, unknown> | undefined; pageParam?: unknown; direction?: unknown; }' is not assignable to type 'number'.
  Overload 2 of 3, '(options: UndefinedInitialDataOptions<any[], Error, any[], string[]>, queryClient?: QueryClient | undefined): UseQueryResult<any[], Error>', gave the following error.
    Type '(limit?: number, offset?: number) => Promise<any[]>' is not assignable to type 'unique symbol | QueryFunction<any[], string[], never> | undefined'.
      Type '(limit?: number, offset?: number) => Promise<any[]>' is not assignable to type 'QueryFunction<any[], string[], never>'.
        Types of parameters 'limit' and 'context' are incompatible.
          Type '{ client: QueryClient; queryKey: string[]; signal: AbortSignal; meta: Record<string, unknown> | undefined; pageParam?: unknown; direction?: unknown; }' is not assignable to type 'number'.
  Overload 3 of 3, '(options: UseQueryOptions<any[], Error, any[], string[]>, queryClient?: QueryClient | undefined): UseQueryResult<any[], Error>', gave the following error.
    Type '(limit?: number, offset?: number) => Promise<any[]>' is not assignable to type 'unique symbol | QueryFunction<any[], string[], never> | undefined'.
      Type '(limit?: number, offset?: number) => Promise<any[]>' is not assignable to type 'QueryFunction<any[], string[], never>'.
        Types of parameters 'limit' and 'context' are incompatible.
          Type '{ client: QueryClient; queryKey: string[]; signal: AbortSignal; meta: Record<string, unknown> | undefined; pageParam?: unknown; direction?: unknown; }' is not assignable to type 'number'.
src/pages/AI/index.tsx(84,23): error TS6133: 'variables' is declared but its value is never read.
src/pages/Analysis/index.tsx(9,3): error TS6133: 'Progress' is declared but its value is never read.
src/pages/Analysis/index.tsx(473,43): error TS6133: 'index' is declared but its value is never read.
src/pages/Crawler/index.tsx(1,27): error TS6133: 'useEffect' is declared but its value is never read.
src/pages/Crawler/index.tsx(22,3): error TS6133: 'PauseCircleOutlined' is declared but its value is never read.
src/pages/Crawler/index.tsx(31,53): error TS6133: 'RequestRecord' is declared but its value is never read.
src/pages/Crawler/index.tsx(335,45): error TS2322: Type '(options?: RefetchOptions | undefined) => Promise<QueryObserverResult<CrawlerSession[], Error>>' is not assignable to type 'MouseEventHandler<HTMLElement>'.
  Types of parameters 'options' and 'event' are incompatible.
    Type 'MouseEvent<HTMLElement, MouseEvent>' has no properties in common with type 'RefetchOptions'.
src/pages/Settings/index.tsx(11,3): error TS6133: 'Divider' is declared but its value is never read.
src/pages/Settings/index.tsx(27,3): error TS6133: 'InfoCircleOutlined' is declared but its value is never read.
src/pages/Settings/index.tsx(31,3): error TS6133: 'BugOutlined' is declared but its value is never read.
src/pages/Settings/index.tsx(35,22): error TS6133: 'Paragraph' is declared but its value is never read.
src/services/api.ts(1,17): error TS6133: 'AxiosResponse' is declared but its value is never read.
src/services/api.ts(30,43): error TS2339: Property 'detail' does not exist on type '{}'.
src/store/GlobalStore.tsx(44,11): error TS6133: 'get' is declared but its value is never read.
